<html>
<body>
<pre>
<h1>µVision Build Log</h1>
<h2>Project:</h2>
C:\Users\student\Desktop\ppsw\Current\AUTOMATY\Jelonek.uvproj
Project File Date:  06/04/2025

<h2>Output:</h2>
Build target 'Target 1'
assembling Startup.s...
compiling keyboard.c...
compiling led.c...
compiling main.c...
compiling 3.c...
linking...
.\Jelonek.axf: Error: L6200E: Symbol __ARM_use_no_argv multiply defined (by 3.o and main.o).
.\Jelonek.axf: Error: L6200E: Symbol Delay multiply defined (by 3.o and main.o).
.\Jelonek.axf: Error: L6200E: Symbol main multiply defined (by 3.o and main.o).
".\Jelonek.axf" - 3 Errors, 0 Warning(s).
Target not created
Build target 'Target 1'
linking...
Program Size: Code=1384 RO-data=32 RW-data=4 ZI-data=1260  
FromELF: creating hex file...
".\Jelonek.axf" - 0 Errors, 0 Warning(s).
Build target 'Target 1'
compiling keyboard.c...
linking...
Program Size: Code=1384 RO-data=32 RW-data=4 ZI-data=1260  
FromELF: creating hex file...
".\Jelonek.axf" - 0 Errors, 0 Warning(s).
Build target 'Target 1'
compiling main.c...
linking...
Program Size: Code=1404 RO-data=32 RW-data=4 ZI-data=1260  
FromELF: creating hex file...
".\Jelonek.axf" - 0 Errors, 0 Warning(s).
Build target 'Target 1'
compiling main.c...
linking...
Program Size: Code=1400 RO-data=32 RW-data=4 ZI-data=1260  
FromELF: creating hex file...
".\Jelonek.axf" - 0 Errors, 0 Warning(s).
Build target 'Target 1'
compiling main.c...
linking...
Program Size: Code=1404 RO-data=32 RW-data=4 ZI-data=1260  
FromELF: creating hex file...
".\Jelonek.axf" - 0 Errors, 0 Warning(s).
Build target 'Target 1'
compiling led.c...
led.h(3): warning:  #1-D: last line of file ends without a newline
compiling main.c...
led.h(3): warning:  #1-D: last line of file ends without a newline
main.c(55): error:  #268: declaration may not appear after executable statement in block
".\Jelonek.axf" - 1 Errors, 2 Warning(s).
Target not created
Build target 'Target 1'
compiling main.c...
led.h(3): warning:  #1-D: last line of file ends without a newline
linking...
Program Size: Code=1484 RO-data=32 RW-data=4 ZI-data=1260  
FromELF: creating hex file...
".\Jelonek.axf" - 0 Errors, 1 Warning(s).
Build target 'Target 1'
compiling main.c...
led.h(3): warning:  #1-D: last line of file ends without a newline
linking...
Program Size: Code=1484 RO-data=32 RW-data=4 ZI-data=1260  
FromELF: creating hex file...
".\Jelonek.axf" - 0 Errors, 1 Warning(s).
Build target 'Target 1'
compiling keyboard.c...
linking...
Program Size: Code=1484 RO-data=32 RW-data=4 ZI-data=1260  
FromELF: creating hex file...
".\Jelonek.axf" - 0 Errors, 0 Warning(s).
Build target 'Target 1'
linking...
Program Size: Code=1484 RO-data=32 RW-data=4 ZI-data=1260  
FromELF: creating hex file...
".\Jelonek.axf" - 0 Errors, 0 Warning(s).
Build target 'Target 1'
linking...
Program Size: Code=1484 RO-data=32 RW-data=4 ZI-data=1260  
FromELF: creating hex file...
".\Jelonek.axf" - 0 Errors, 0 Warning(s).
Build target 'Target 1'
linking...
Program Size: Code=1484 RO-data=32 RW-data=4 ZI-data=1260  
FromELF: creating hex file...
".\Jelonek.axf" - 0 Errors, 0 Warning(s).
Build target 'Target 1'
compiling main.c...
led.h(3): warning:  #1-D: last line of file ends without a newline
linking...
Program Size: Code=1524 RO-data=32 RW-data=4 ZI-data=1260  
FromELF: creating hex file...
".\Jelonek.axf" - 0 Errors, 1 Warning(s).
Build target 'Target 1'
compiling keyboard.c...
linking...
Program Size: Code=1524 RO-data=32 RW-data=4 ZI-data=1260  
FromELF: creating hex file...
".\Jelonek.axf" - 0 Errors, 0 Warning(s).
Build target 'Target 1'
linking...
Program Size: Code=1524 RO-data=32 RW-data=4 ZI-data=1260  
FromELF: creating hex file...
".\Jelonek.axf" - 0 Errors, 0 Warning(s).
Build target 'Target 1'
compiling main.c...
led.h(3): warning:  #1-D: last line of file ends without a newline
linking...
Program Size: Code=1524 RO-data=32 RW-data=4 ZI-data=1260  
FromELF: creating hex file...
".\Jelonek.axf" - 0 Errors, 1 Warning(s).
Build target 'Target 1'
compiling led.c...
led.h(4): warning:  #1-D: last line of file ends without a newline
compiling main.c...
led.h(4): warning:  #1-D: last line of file ends without a newline
linking...
Program Size: Code=1460 RO-data=32 RW-data=4 ZI-data=1260  
FromELF: creating hex file...
".\Jelonek.axf" - 0 Errors, 2 Warning(s).
Build target 'Target 1'
compiling main.c...
led.h(4): warning:  #1-D: last line of file ends without a newline
linking...
Program Size: Code=1468 RO-data=32 RW-data=4 ZI-data=1260  
FromELF: creating hex file...
".\Jelonek.axf" - 0 Errors, 1 Warning(s).
Build target 'Target 1'
compiling main.c...
led.h(4): warning:  #1-D: last line of file ends without a newline
linking...
Program Size: Code=1516 RO-data=32 RW-data=4 ZI-data=1260  
FromELF: creating hex file...
".\Jelonek.axf" - 0 Errors, 1 Warning(s).
Build target 'Target 1'
compiling main.c...
led.h(4): warning:  #1-D: last line of file ends without a newline
linking...
Program Size: Code=1516 RO-data=32 RW-data=4 ZI-data=1260  
FromELF: creating hex file...
".\Jelonek.axf" - 0 Errors, 1 Warning(s).
Build target 'Target 1'
compiling main.c...
led.h(4): warning:  #1-D: last line of file ends without a newline
linking...
Program Size: Code=1516 RO-data=32 RW-data=4 ZI-data=1260  
FromELF: creating hex file...
".\Jelonek.axf" - 0 Errors, 1 Warning(s).
compiling main.c...
led.h(4): warning:  #1-D: last line of file ends without a newline
"main.c" - 0 Errors, 1 Warning(s).
Build target 'Target 1'
linking...
Program Size: Code=1520 RO-data=32 RW-data=4 ZI-data=1260  
FromELF: creating hex file...
".\Jelonek.axf" - 0 Errors, 0 Warning(s).
Build target 'Target 1'
linking...
Program Size: Code=1520 RO-data=32 RW-data=4 ZI-data=1260  
FromELF: creating hex file...
".\Jelonek.axf" - 0 Errors, 0 Warning(s).
