<html>
<body>
<pre>
<h1>µVision Build Log</h1>
<h2>Project:</h2>
C:\Users\student\Desktop\MODULY\Jelonek.uvproj
Project File Date:  05/14/2025

<h2>Output:</h2>
Build target 'Target 1'
assembling Startup.s...
compiling keyboard.c...
keyboard.h(1): warning:  #1295-D: Deprecated declaration KeyboardInit - give arg types
keyboard.h(5): warning:  #1-D: last line of file ends without a newline
keyboard.h(5): warning:  #1295-D: Deprecated declaration ReadButton - give arg types
keyboard.c(25): warning:  #1-D: last line of file ends without a newline
compiling led.c...
led.h(1): warning:  #1295-D: Deprecated declaration LedInit - give arg types
led.h(3): warning:  #1-D: last line of file ends without a newline
led.c(9): error:  #20: identifier "IO1DIR" is undefined
led.c(11): error:  #20: identifier "IO1SET" is undefined
led.c(15): error:  #20: identifier "IO1CLR" is undefined
led.c(19): error:  #20: identifier "IO1SET" is undefined
led.c(56): warning:  #1-D: last line of file ends without a newline
compiling main.c...
led.h(1): warning:  #1295-D: Deprecated declaration LedInit - give arg types
led.h(3): warning:  #1-D: last line of file ends without a newline
keyboard.h(1): warning:  #1295-D: Deprecated declaration KeyboardInit - give arg types
keyboard.h(5): warning:  #1-D: last line of file ends without a newline
keyboard.h(5): warning:  #1295-D: Deprecated declaration ReadButton - give arg types
".\Jelonek.axf" - 4 Errors, 12 Warning(s).
Target not created
Build target 'Target 1'
compiling keyboard.c...
keyboard.h(1): warning:  #1295-D: Deprecated declaration KeyboardInit - give arg types
keyboard.h(5): warning:  #1-D: last line of file ends without a newline
keyboard.h(5): warning:  #1295-D: Deprecated declaration ReadButton - give arg types
keyboard.c(25): warning:  #1-D: last line of file ends without a newline
compiling led.c...
led.h(1): warning:  #1295-D: Deprecated declaration LedInit - give arg types
led.h(3): warning:  #1-D: last line of file ends without a newline
led.c(57): warning:  #1-D: last line of file ends without a newline
compiling main.c...
led.h(1): warning:  #1295-D: Deprecated declaration LedInit - give arg types
led.h(3): warning:  #1-D: last line of file ends without a newline
keyboard.h(1): warning:  #1295-D: Deprecated declaration KeyboardInit - give arg types
keyboard.h(5): warning:  #1-D: last line of file ends without a newline
keyboard.h(5): warning:  #1295-D: Deprecated declaration ReadButton - give arg types
linking...
Program Size: Code=1032 RO-data=32 RW-data=4 ZI-data=1260  
".\Jelonek.axf" - 0 Errors, 12 Warning(s).
Build target 'Target 1'
compiling keyboard.c...
keyboard.h(1): warning:  #1295-D: Deprecated declaration KeyboardInit - give arg types
keyboard.h(5): warning:  #1-D: last line of file ends without a newline
keyboard.h(5): warning:  #1295-D: Deprecated declaration ReadButton - give arg types
keyboard.c(25): warning:  #1-D: last line of file ends without a newline
compiling led.c...
led.h(1): warning:  #1295-D: Deprecated declaration LedInit - give arg types
led.h(3): warning:  #1-D: last line of file ends without a newline
led.c(57): warning:  #1-D: last line of file ends without a newline
linking...
Program Size: Code=1032 RO-data=32 RW-data=4 ZI-data=1260  
".\Jelonek.axf" - 0 Errors, 7 Warning(s).
Build target 'Target 1'
compiling keyboard.c...
keyboard.h(1): warning:  #1295-D: Deprecated declaration KeyboardInit - give arg types
keyboard.h(5): warning:  #1295-D: Deprecated declaration ReadButton - give arg types
compiling led.c...
led.h(1): warning:  #1295-D: Deprecated declaration LedInit - give arg types
compiling main.c...
led.h(1): warning:  #1295-D: Deprecated declaration LedInit - give arg types
keyboard.h(1): warning:  #1295-D: Deprecated declaration KeyboardInit - give arg types
keyboard.h(5): warning:  #1295-D: Deprecated declaration ReadButton - give arg types
linking...
Program Size: Code=1032 RO-data=32 RW-data=4 ZI-data=1260  
".\Jelonek.axf" - 0 Errors, 6 Warning(s).
Rebuild target 'Target 1'
assembling Startup.s...
compiling keyboard.c...
keyboard.h(1): warning:  #1295-D: Deprecated declaration KeyboardInit - give arg types
compiling led.c...
led.h(1): warning:  #1295-D: Deprecated declaration LedInit - give arg types
compiling main.c...
led.h(1): warning:  #1295-D: Deprecated declaration LedInit - give arg types
keyboard.h(1): warning:  #1295-D: Deprecated declaration KeyboardInit - give arg types
linking...
Program Size: Code=1032 RO-data=32 RW-data=4 ZI-data=1260  
".\Jelonek.axf" - 0 Errors, 4 Warning(s).
Build target 'Target 1'
compiling keyboard.c...
compiling led.c...
led.h(1): warning:  #1295-D: Deprecated declaration LedInit - give arg types
compiling main.c...
led.h(1): warning:  #1295-D: Deprecated declaration LedInit - give arg types
linking...
Program Size: Code=1032 RO-data=32 RW-data=4 ZI-data=1260  
".\Jelonek.axf" - 0 Errors, 2 Warning(s).
Build target 'Target 1'
compiling led.c...
compiling main.c...
linking...
Program Size: Code=1032 RO-data=32 RW-data=4 ZI-data=1260  
".\Jelonek.axf" - 0 Errors, 0 Warning(s).
Build target 'Target 1'
compiling led.c...
compiling main.c...
linking...
Program Size: Code=1304 RO-data=32 RW-data=4 ZI-data=1260  
FromELF: creating hex file...
".\Jelonek.axf" - 0 Errors, 0 Warning(s).
Build target 'Target 1'
compiling led.c...
linking...
Program Size: Code=1304 RO-data=32 RW-data=4 ZI-data=1260  
FromELF: creating hex file...
".\Jelonek.axf" - 0 Errors, 0 Warning(s).
Rebuild target 'Target 1'
assembling Startup.s...
compiling keyboard.c...
compiling led.c...
compiling main.c...
linking...
Program Size: Code=1304 RO-data=32 RW-data=4 ZI-data=1260  
FromELF: creating hex file...
".\Jelonek.axf" - 0 Errors, 0 Warning(s).
Build target 'Target 1'
linking...
Program Size: Code=1304 RO-data=32 RW-data=4 ZI-data=1260  
FromELF: creating hex file...
".\Jelonek.axf" - 0 Errors, 0 Warning(s).
Rebuild target 'Target 1'
assembling Startup.s...
compiling keyboard.c...
compiling led.c...
compiling main.c...
linking...
Program Size: Code=1304 RO-data=32 RW-data=4 ZI-data=1260  
FromELF: creating hex file...
".\Jelonek.axf" - 0 Errors, 0 Warning(s).
Build target 'Target 1'
compiling keyboard.c...
linking...
Program Size: Code=1304 RO-data=32 RW-data=4 ZI-data=1260  
FromELF: creating hex file...
".\Jelonek.axf" - 0 Errors, 0 Warning(s).
Build target 'Target 1'
compiling keyboard.c...
linking...
Program Size: Code=1304 RO-data=32 RW-data=4 ZI-data=1260  
FromELF: creating hex file...
".\Jelonek.axf" - 0 Errors, 0 Warning(s).
Build target 'Target 1'
compiling led.c...
linking...
Program Size: Code=1304 RO-data=32 RW-data=4 ZI-data=1260  
FromELF: creating hex file...
".\Jelonek.axf" - 0 Errors, 0 Warning(s).
Build target 'Target 1'
compiling keyboard.c...
compiling led.c...
linking...
Program Size: Code=1304 RO-data=32 RW-data=4 ZI-data=1260  
FromELF: creating hex file...
".\Jelonek.axf" - 0 Errors, 0 Warning(s).
Build target 'Target 1'
compiling keyboard.c...
linking...
Program Size: Code=1304 RO-data=32 RW-data=4 ZI-data=1260  
FromELF: creating hex file...
".\Jelonek.axf" - 0 Errors, 0 Warning(s).
Build target 'Target 1'
compiling keyboard.c...
compiling main.c...
main.c(41): error:  #165: too few arguments in function call
".\Jelonek.axf" - 1 Errors, 0 Warning(s).
Target not created
Build target 'Target 1'
compiling main.c...
linking...
Program Size: Code=1216 RO-data=32 RW-data=4 ZI-data=1260  
FromELF: creating hex file...
".\Jelonek.axf" - 0 Errors, 0 Warning(s).
Build target 'Target 1'
linking...
Program Size: Code=1216 RO-data=32 RW-data=4 ZI-data=1260  
FromELF: creating hex file...
".\Jelonek.axf" - 0 Errors, 0 Warning(s).
Build target 'Target 1'
compiling main.c...
main.c(15): error:  #268: declaration may not appear after executable statement in block
main.c(16): error:  #268: declaration may not appear after executable statement in block
".\Jelonek.axf" - 2 Errors, 0 Warning(s).
Target not created
Build target 'Target 1'
compiling main.c...
main.c(15): error:  #268: declaration may not appear after executable statement in block
main.c(16): error:  #268: declaration may not appear after executable statement in block
".\Jelonek.axf" - 2 Errors, 0 Warning(s).
Target not created
Build target 'Target 1'
compiling main.c...
linking...
Program Size: Code=1220 RO-data=32 RW-data=4 ZI-data=1260  
FromELF: creating hex file...
".\Jelonek.axf" - 0 Errors, 0 Warning(s).
Build target 'Target 1'
compiling main.c...
linking...
Program Size: Code=1228 RO-data=32 RW-data=4 ZI-data=1260  
FromELF: creating hex file...
".\Jelonek.axf" - 0 Errors, 0 Warning(s).
Build target 'Target 1'
compiling main.c...
linking...
Program Size: Code=1224 RO-data=32 RW-data=4 ZI-data=1260  
FromELF: creating hex file...
".\Jelonek.axf" - 0 Errors, 0 Warning(s).
Rebuild target 'Target 1'
assembling Startup.s...
compiling keyboard.c...
compiling led.c...
compiling main.c...
linking...
Program Size: Code=1228 RO-data=32 RW-data=4 ZI-data=1260  
FromELF: creating hex file...
".\Jelonek.axf" - 0 Errors, 0 Warning(s).
Rebuild target 'Target 1'
assembling Startup.s...
compiling keyboard.c...
compiling led.c...
compiling main.c...
linking...
Program Size: Code=1220 RO-data=32 RW-data=4 ZI-data=1260  
FromELF: creating hex file...
".\Jelonek.axf" - 0 Errors, 0 Warning(s).
Build target 'Target 1'
compiling main.c...
linking...
Program Size: Code=1336 RO-data=32 RW-data=4 ZI-data=1260  
FromELF: creating hex file...
".\Jelonek.axf" - 0 Errors, 0 Warning(s).
Rebuild target 'Target 1'
assembling Startup.s...
compiling keyboard.c...
compiling led.c...
compiling main.c...
linking...
Program Size: Code=1324 RO-data=32 RW-data=4 ZI-data=1260  
FromELF: creating hex file...
".\Jelonek.axf" - 0 Errors, 0 Warning(s).
Build target 'Target 1'
compiling main.c...
linking...
Program Size: Code=1384 RO-data=32 RW-data=4 ZI-data=1260  
FromELF: creating hex file...
".\Jelonek.axf" - 0 Errors, 0 Warning(s).
Build target 'Target 1'
compiling keyboard.c...
linking...
Program Size: Code=1384 RO-data=32 RW-data=4 ZI-data=1260  
FromELF: creating hex file...
".\Jelonek.axf" - 0 Errors, 0 Warning(s).
Rebuild target 'Target 1'
assembling Startup.s...
compiling keyboard.c...
compiling led.c...
compiling main.c...
linking...
Program Size: Code=1384 RO-data=32 RW-data=4 ZI-data=1260  
FromELF: creating hex file...
".\Jelonek.axf" - 0 Errors, 0 Warning(s).
Build target 'Target 1'
compiling main.c...
linking...
Program Size: Code=1384 RO-data=32 RW-data=4 ZI-data=1260  
FromELF: creating hex file...
".\Jelonek.axf" - 0 Errors, 0 Warning(s).
Build target 'Target 1'
compiling main.c...
linking...
Program Size: Code=1384 RO-data=32 RW-data=4 ZI-data=1260  
FromELF: creating hex file...
".\Jelonek.axf" - 0 Errors, 0 Warning(s).
Build target 'Target 1'
compiling main.c...
linking...
Program Size: Code=1384 RO-data=32 RW-data=4 ZI-data=1260  
FromELF: creating hex file...
".\Jelonek.axf" - 0 Errors, 0 Warning(s).
Clean started: Project: 'Jelonek'
   deleting intermediate output files for target 'Target 1'
