<html>
<body>
<pre>
<h1>µVision Build Log</h1>
<h2>Project:</h2>
C:\users\kacperjelonek\Documents\studia\embed\laby\ppsw\Current\PRZERWANIA\Jelonek.uvproj
Project File Date:  06/11/2025

<h2>Output:</h2>
Build target 'Target 1'
assembling Startup.s...
compiling led.c...
led.h(4): warning:  #1-D: last line of file ends without a newline
compiling main.c...
led.h(4): warning:  #1-D: last line of file ends without a newline
main.c(2): error:  #5: cannot open source input file "timer_interrupts.h": No such file or directory
compiling timer1Interrupts.c...
timer1Interrupts.c(2): error:  #5: cannot open source input file "timer_interrupts.h": No such file or directory
".\Jelonek.axf" - 2 Errors, 2 Warning(s).
Target not created
Build target 'Target 1'
compiling led.c...
led.h(4): warning:  #1-D: last line of file ends without a newline
compiling main.c...
led.h(4): warning:  #1-D: last line of file ends without a newline
main.c(2): error:  #5: cannot open source input file "timer1Interrupt.h": No such file or directory
compiling timer1Interrupts.c...
timer1Interrupts.c(2): error:  #5: cannot open source input file "timer_interrupts.h": No such file or directory
".\Jelonek.axf" - 2 Errors, 2 Warning(s).
Target not created
Build target 'Target 1'
compiling main.c...
led.h(4): warning:  #1-D: last line of file ends without a newline
timer1Interrupts.h(6): warning:  #1-D: last line of file ends without a newline
main.c(22): warning:  #223-D: function "eKeyboardRead" declared implicitly
main.c(47): warning:  #223-D: function "Timer0Interrupts_Init" declared implicitly
main.c(51): warning:  #1-D: last line of file ends without a newline
compiling timer1Interrupts.c...
timer1Interrupts.h(6): warning:  #1-D: last line of file ends without a newline
timer1Interrupts.c(30): warning:  #1-D: last line of file ends without a newline
compiling keyboard.c...
linking...
.\Jelonek.axf: Error: L6218E: Undefined symbol eKeyboardRead (referred from main.o).
".\Jelonek.axf" - 1 Errors, 7 Warning(s).
Target not created
Build target 'Target 1'
compiling main.c...
led.h(4): warning:  #1-D: last line of file ends without a newline
timer1Interrupts.h(6): warning:  #1-D: last line of file ends without a newline
main.c(47): warning:  #223-D: function "Timer0Interrupts_Init" declared implicitly
main.c(51): warning:  #1-D: last line of file ends without a newline
compiling timer1Interrupts.c...
timer1Interrupts.h(6): warning:  #1-D: last line of file ends without a newline
timer1Interrupts.c(30): warning:  #1-D: last line of file ends without a newline
compiling keyboard.c...
linking...
Program Size: Code=1616 RO-data=32 RW-data=12 ZI-data=1260  
FromELF: creating hex file...
".\Jelonek.axf" - 0 Errors, 6 Warning(s).
Build target 'Target 1'
compiling main.c...
led.h(4): warning:  #1-D: last line of file ends without a newline
timer1Interrupts.h(6): warning:  #1-D: last line of file ends without a newline
main.c(47): warning:  #223-D: function "Timer0Interrupts_Init" declared implicitly
compiling timer1Interrupts.c...
timer1Interrupts.h(6): warning:  #1-D: last line of file ends without a newline
linking...
Program Size: Code=1616 RO-data=32 RW-data=12 ZI-data=1260  
FromELF: creating hex file...
".\Jelonek.axf" - 0 Errors, 4 Warning(s).
Build target 'Target 1'
compiling main.c...
led.h(4): warning:  #1-D: last line of file ends without a newline
main.c(47): warning:  #223-D: function "Timer0Interrupts_Init" declared implicitly
compiling timer1Interrupts.c...
linking...
Program Size: Code=1616 RO-data=32 RW-data=12 ZI-data=1260  
FromELF: creating hex file...
".\Jelonek.axf" - 0 Errors, 2 Warning(s).
Build target 'Target 1'
compiling led.c...
compiling main.c...
compiling timer1Interrupts.c...
linking...
Program Size: Code=1616 RO-data=32 RW-data=12 ZI-data=1260  
FromELF: creating hex file...
".\Jelonek.axf" - 0 Errors, 0 Warning(s).
Clean started: Project: 'Jelonek'
   deleting intermediate output files for target 'Target 1'
