<html>
<body>
<pre>
<h1>µVision Build Log</h1>
<h2>Project:</h2>
C:\Users\kmie\Desktop\ppsw\Current\TIMERY\Jelonek.uvproj
Project File Date:  06/11/2025

<h2>Output:</h2>
Rebuild target 'Target 1'
assembling Startup.s...
compiling main.c...
led.h(4): warning:  #1-D: last line of file ends without a newline
compiling timer.c...
compiling led.c...
led.h(4): warning:  #1-D: last line of file ends without a newline
linking...
Program Size: Code=1016 RO-data=32 RW-data=4 ZI-data=1260  
".\Jelonek.axf" - 0 Errors, 2 Warning(s).
Build target 'Target 1'
compiling main.c...
led.h(4): warning:  #1-D: last line of file ends without a newline
compiling timer.c...
compiling led.c...
led.h(4): warning:  #1-D: last line of file ends without a newline
linking...
Program Size: Code=1016 RO-data=32 RW-data=4 ZI-data=1260  
".\Jelonek.axf" - 0 Errors, 2 Warning(s).
Rebuild target 'Target 1'
assembling Startup.s...
compiling main.c...
led.h(4): warning:  #1-D: last line of file ends without a newline
compiling timer.c...
compiling led.c...
led.h(4): warning:  #1-D: last line of file ends without a newline
linking...
Program Size: Code=1288 RO-data=32 RW-data=4 ZI-data=1260  
FromELF: creating hex file...
".\Jelonek.axf" - 0 Errors, 2 Warning(s).
Rebuild target 'Target 1'
assembling Startup.s...
compiling main.c...
led.h(4): warning:  #1-D: last line of file ends without a newline
compiling timer.c...
compiling led.c...
led.h(4): warning:  #1-D: last line of file ends without a newline
linking...
Program Size: Code=1288 RO-data=32 RW-data=4 ZI-data=1260  
FromELF: creating hex file...
".\Jelonek.axf" - 0 Errors, 2 Warning(s).
Rebuild target 'Target 1'
assembling Startup.s...
compiling main.c...
led.h(4): warning:  #1-D: last line of file ends without a newline
compiling timer.c...
compiling led.c...
led.h(4): warning:  #1-D: last line of file ends without a newline
linking...
Program Size: Code=1296 RO-data=32 RW-data=4 ZI-data=1260  
FromELF: creating hex file...
".\Jelonek.axf" - 0 Errors, 2 Warning(s).
Rebuild target 'Target 1'
assembling Startup.s...
compiling main.c...
led.h(4): warning:  #1-D: last line of file ends without a newline
compiling timer.c...
compiling led.c...
led.h(4): warning:  #1-D: last line of file ends without a newline
linking...
Program Size: Code=1288 RO-data=32 RW-data=4 ZI-data=1260  
FromELF: creating hex file...
".\Jelonek.axf" - 0 Errors, 2 Warning(s).
Rebuild target 'Target 1'
assembling Startup.s...
compiling main.c...
led.h(4): warning:  #1-D: last line of file ends without a newline
compiling timer.c...
compiling led.c...
led.h(4): warning:  #1-D: last line of file ends without a newline
linking...
Program Size: Code=1288 RO-data=32 RW-data=4 ZI-data=1260  
FromELF: creating hex file...
".\Jelonek.axf" - 0 Errors, 2 Warning(s).
Clean started: Project: 'Jelonek'
   deleting intermediate output files for target 'Target 1'
