<html>
<body>
<pre>
<h1>µVision Build Log</h1>
<h2>Project:</h2>
C:\Users\student\Desktop\Current\Jelonek.uvproj
Project File Date:  04/23/2025

<h2>Output:</h2>
Build target 'Target 1'
assembling Startup.s...
compiling 4.c...
linking...
Program Size: Code=1252 RO-data=32 RW-data=4 ZI-data=1260  
FromELF: creating hex file...
".\Jelonek.axf" - 0 Errors, 0 Warning(s).
Build target 'Target 1'
compiling 4.c...
linking...
Program Size: Code=1292 RO-data=32 RW-data=4 ZI-data=1260  
FromELF: creating hex file...
".\Jelonek.axf" - 0 Errors, 0 Warning(s).
Build target 'Target 1'
compiling 4.c...
linking...
Program Size: Code=1300 RO-data=32 RW-data=4 ZI-data=1260  
FromELF: creating hex file...
".\Jelonek.axf" - 0 Errors, 0 Warning(s).
Build target 'Target 1'
compiling 4.c...
linking...
Program Size: Code=1300 RO-data=32 RW-data=4 ZI-data=1260  
FromELF: creating hex file...
".\Jelonek.axf" - 0 Errors, 0 Warning(s).
Build target 'Target 1'
compiling 4.c...
linking...
Program Size: Code=1308 RO-data=32 RW-data=4 ZI-data=1260  
FromELF: creating hex file...
".\Jelonek.axf" - 0 Errors, 0 Warning(s).
Build target 'Target 1'
compiling 4.c...
linking...
Program Size: Code=1308 RO-data=32 RW-data=4 ZI-data=1260  
FromELF: creating hex file...
".\Jelonek.axf" - 0 Errors, 0 Warning(s).
Build target 'Target 1'
compiling 4.c...
linking...
Program Size: Code=1308 RO-data=32 RW-data=4 ZI-data=1260  
FromELF: creating hex file...
".\Jelonek.axf" - 0 Errors, 0 Warning(s).
Build target 'Target 1'
compiling 4.c...
linking...
Program Size: Code=1308 RO-data=32 RW-data=4 ZI-data=1260  
FromELF: creating hex file...
".\Jelonek.axf" - 0 Errors, 0 Warning(s).
Build target 'Target 1'
linking...
Program Size: Code=1308 RO-data=32 RW-data=4 ZI-data=1260  
FromELF: creating hex file...
".\Jelonek.axf" - 0 Errors, 0 Warning(s).
Clean started: Project: 'Jelonek'
   deleting intermediate output files for target 'Target 1'
